started 4313
[build] 82 app scripts/styles present
=== v16_test (public)
PASS M1   After the lesson notes the next step is a block of that lesson's past-paper MCQs (≤ 8), each owned by the lesson just taught; no draw-from-memory step, no v14 primer, no picture before answering; options ≥ 48 px  · {"b":{"l":"T003","ids":["EHSAN-PHYS-ANATOMY-OF-SYNAPSES-MECHANISM-OF-SYNAPTIC-TRANSMISSION-MCQ-6","EHSAN-PHYS-ANATOMY-OF-SYNAPSES-MECHANISM-OF-SYNAPTIC-TRANSMISSION-MCQ-7","EHSAN-PHYS-ANATOMY-OF-SYNAPSES-MECHANISM-OF-SYNAPTIC-TRANSMISSION-MCQ-4","EHSAN-PHYS-ANATOMY-OF-SYNAPSES-MECHANISM-OF-SYNAPTIC-
PASS M2   A wrong answer is explained on the spot: verdict, the key row, "your answer" row, a reason under every option when the item has a tutor note, the teaching note, and Next buttons ≥ 44 px  · {"hand":true,"rows":4,"opts":4,"key":1,"mine":1,"whys":4,"verdict":"✗ غلط Not this one+4 XP🪤 trap spotted: it comes back as a rematch","note":true,"next":[44,48]}
PASS M2b  A reload keeps the answered item and its explanation on screen  · {"cur":true,"rows":4}
PASS M3   The day runs lesson → past-paper block → … → today's MCQ round → STOP with an MCQ summary; the written boss and visual boss never appear; every question segment is completed by its block  · {"kinds":["V16_BLOCK","SEGMENT","V16_ROUND"],"stop":{"kind":"STOP","sum":"Today: 37 past-paper MCQs · 68% right · 12 mistakes come back tomorrow as changed questions","boss":"{\"visual\":true,\"written\":true,\"writtenRevealed\":false,\"v16skip\":true}","qsegs":true}}
PASS M3b  No page errors  · []
PASS M4   A doubtful bank key accepts the standard answer too (CSF: "4th ventricle communicates directly"); an also-defensible option is accepted; ordinary items accept only the key  · {"csf5":["a","c"],"flag":"c","men8":["d","a"],"plain":["a"]}
PASS M5   A missed past paper comes back the next day as a CHANGED item on the same fact (retest law); once that is answered, the exact item is due 3 days later  · {"missed":{"id":"EHSAN-PHYS-ANATOMY-OF-SYNAPSES-MECHANISM-OF-SYNAPTIC-TRANSMISSION-MCQ-6","st":{"n":1,"k":0,"b":0,"f":3,"lp":1,"l":3,"r":"w","x":1,"d":4}},"tomorrow":{"day":4,"kind":["EHSAN-PHYS-ANATOMY-OF-SYNAPSES-MECHANISM-OF-SYNAPTIC-TRANSMISSION-MCQ-2","chg:EHSAN-PHYS-ANATOMY-OF-SYNAPSES-MECHANI
PASS M5b  Three days later the exact past-paper item is back in the round ("back again")  · {"day":7,"kind":"again"}
PASS M5c  No page errors  · []
PASS M6   Weekend mock: a sealed, timed exam of held-out past papers from lessons already learned — no pictures, notes or explanations before submission  · {"start":{"day":7,"ct":"WEEKLY_MOCK","kind":"V16_MOCK_START","n":29,"text":"Progress counts planned steps; it is not study time or proven mastery. The minute figures are estimates.\nWEEKLY SEALED MOCK\n29 MCQs · 29 min\n29 past-paper MCQs you have never seen\n136 / 1,460 past-pap"},"sealed":{"kind":
PASS M6d  Held-out firewall: while a mock question is open none of its hand-written explanation is on screen; after submission every mock item shows its own written reason  · {"fw":{"asked":29,"leaks":[]},"whys":29,"n":29}
PASS M6b  After the last answer: score, and every question explained; saving sends every miss into tomorrow's changed-question retests and continues to today's round  · {"res":{"kind":"V16_MOCK_RESULT","revs":29,"rows":116,"whys":29,"n":29,"pct":"69%"},"after":{"kind":"V16_ROUND","hist":1,"misses":9,"mocks":1}}
PASS M6c  No page errors  · []
PASS M10  Every usable past paper (practice and held-out) has a hand-written explanation with a key line and a reason for every wrong option; the 4 options the source PDF glued together are shown as separate a–d options (bank unchanged); ordinary items are untouched  · {"c":{"practice":1061,"heldout":399,"explained":1061,"heldExplained":399},"gaps":[],"nGaps":0,"glued":[{"id":"EHSAN-ANAT-MAXILLARY-ARTERY-PTERYGOID-VENOUS-PLEXUS-MCQ-2","n":4,"keys":"abcd","glue":false,"bank":3},{"id":"EHSAN-ANAT-MAXILLARY-ARTERY-PTERYGOID-VENOUS-PLEXUS-MCQ-7","n":4,"keys":"abcd","g
PASS M10b No page errors  · []
PASS M11  MCQ focus holds on the MCQ exam day (15 Nov); from 16 Nov the full flow (written, practical) is back without any setting; an explicit "ALL" always wins  · {"onExam":{"focus":"MCQ","kind":"SEGMENT"},"after":{"focus":"ALL","kind":"SEGMENT","date":"2026-11-16"},"forced":"ALL"}
PASS M11b No page errors  · []
PASS M8   With focus "ALL" the full v15 flow is back (draw-from-memory step, then the v15/v14 question view)  · ["SEGMENT:visual","SEGMENT:visual","SEGMENT:teach","SEGMENT:teach","SEGMENT:teach","SEGMENT:teach","SEGMENT:teach","SEGMENT:reconstruct","SEGMENT:question"]
PASS M9   An open v14 repair migrates into the MCQ engine: the error is closed (kept, marked) and its past-paper item is due now as a changed-question retest  · {"e":{"resolved":true,"v16":"migrated"},"st":{"n":1,"k":0,"b":0,"f":1,"lp":1,"x":1,"d":3,"r":"w","l":3},"today":3,"kind":"SEGMENT"}
PASS M9b  No page errors  · []
PASS M7   Full course to 15 Nov: every auto-scored practice past paper is answered by the end of teaching (day 47), and every held-out one is used in a mock by the last sprint day  · {"practice":1061,"seenP":1061,"lastPracticeFirstDay":47,"held":399,"usedH":399,"wrong":614,"reasked":614,"stateKB":900,"mocks":14,"pred":{"n":340,"k":222,"p":0.6529411764705882,"lo":0.6191907697885196,"hi":0.6852210069616006}}
PASS M7b  Every simulated mistake is asked again before the exam  · {"wrong":614,"reasked":614}
PASS M7c  Time: about 2 h a day or less on average, no day above 2.5 h; saved progress stays under 1.2 MB (cloud limit 1.5 MB)  · {"avg":109,"max":141,"stateKB":900,"perDay":"3:141 4:138 5:132 6:71 7:87 8:117 9:122 10:121 11:121 12:122 13:72 14:101 15:120 16:122 17:122 18:122 19:72 20:72 21:101 22:122 23:121 24:121 25:121 26:121 27:72 28:101 29:120 30:121 31:122 32:123 33:121 34:72 35:101 36:121 37:122 38:108 39:115 40:113 41:
PASS M7d  Mock predictions come from unseen first attempts with an interval  · {"n":340,"k":222,"p":0.6529411764705882,"lo":0.6191907697885196,"hi":0.6852210069616006}
PASS M7e  No page errors over the whole course  · {"errors":[],"other":[]}
25/25 v16 checks passed (198s)
=== certify
